[16:39:15.462] [INFO] storybook v10.5.9
[16:39:16.957] [ERROR] [38;2;241;97;97mSB_CORE-SERVER_0007 (MainFileEvaluationError): Storybook couldn't evaluate your [33m.storybook\main.js[39m file.

Original error:
[37m\.storybook\main.js:18
export default config;
^^^^^^

SyntaxError: Unexpected token 'export'
    at wrapSafe (node:internal/modules/cjs/loader:1692:18)
    at Module._compile (node:internal/modules/cjs/loader:1735:20)
    at Object..js (node:internal/modules/cjs/loader:1893:10)
    at Module.load (node:internal/modules/cjs/loader:1481:32)
    at Module._load (node:internal/modules/cjs/loader:1300:12)
    at TracingChannel.traceSync (node:diagnostics_channel:328:14)
    at wrapModuleLoad (node:internal/modules/cjs/loader:245:24)
    at loadCJSModuleWithModuleLoad (node:internal/modules/esm/translators:339:3)
    at ModuleWrap.<anonymous> (node:internal/modules/esm/translators:242:7)
    at ModuleJob.run (node:internal/modules/esm/module_job:413:25)[39m[39m
    at loadMainConfig (file:///D:/codveda-frontend-internship/Level-3/Task-1-Custom-Component-Library/node_modules/storybook/dist/_node-chunks/chunk-743IQCI4.js:14592:11)
    at async buildDevStandalone (file:///D:/codveda-frontend-internship/Level-3/Task-1-Custom-Component-Library/node_modules/storybook/dist/core-server/index.js:11910:16)
    at async withTelemetry (file:///D:/codveda-frontend-internship/Level-3/Task-1-Custom-Component-Library/node_modules/storybook/dist/_node-chunks/chunk-BJAFYWQI.js:1889:12)
    at async dev (file:///D:/codveda-frontend-internship/Level-3/Task-1-Custom-Component-Library/node_modules/storybook/dist/bin/core.js:3850:3)
    at async _Command.<anonymous> (file:///D:/codveda-frontend-internship/Level-3/Task-1-Custom-Component-Library/node_modules/storybook/dist/bin/core.js:3958:3)
[16:39:16.966] [WARN] Broken build, fix the error above.
You may need to refresh the browser.
[16:39:16.975] [WARN]   Failed to load preset: "D:/codveda-frontend-internship/Level-3/Task-1-Custom-Component-Library/.storybook/main.js"
[16:39:16.976] [ERROR] .\.storybook\main.js:18
export default config;
^^^^^^

[38;2;241;97;97mSyntaxError: Unexpected token 'export'[39m
    at wrapSafe (node:internal/modules/cjs/loader:1692:18)
    at Module._compile (node:internal/modules/cjs/loader:1735:20)
    at Object..js (node:internal/modules/cjs/loader:1893:10)
    at Module.load (node:internal/modules/cjs/loader:1481:32)
    at Module._load (node:internal/modules/cjs/loader:1300:12)
    at TracingChannel.traceSync (node:diagnostics_channel:328:14)
    at wrapModuleLoad (node:internal/modules/cjs/loader:245:24)
    at loadCJSModuleWithModuleLoad (node:internal/modules/esm/translators:339:3)
    at ModuleWrap.<anonymous> (node:internal/modules/esm/translators:242:7)
    at ModuleJob.run (node:internal/modules/esm/module_job:413:25)
[16:39:20.894] [PROMPT] Would you like to send anonymous crash reports to improve Storybook and fix bugs faster? {"choice":true}